voice: HTTP POST message (620 B body, retry)…
[114745][E][WiFiClientSecure.cpp:144] connect(): start_ssl_client: -1
voice: HTTP -1 (message)
voice: message fail (HTTP -1)
[116375][E][vfs_api.cpp:105] open(): /littlefs/busts/hypatia.bin does not exist, no permits for creation
[118985][E][vfs_api.cpp:105] open(): /littlefs/busts/socrates.bipm_faculty: embedded bust hypatia (37999 B)
n does not exist, no permits for creation
[118998][E][vfs_api.cpp:105] open(): /littlefs/busts/socrates.bin does not exist, no permits for creation
pm_faculty: bust skipped low memory heap=9060 largest=4084
[121976][E][Preferences.cpp:483] getString(): nvs_get_str len fail: fac4_slug NOT_FOUND
[121984][E][Preferences.cpp:483] getString(): nvs_get_str len fail: fac5_slug NOT_FOUND
[121998][E][vfs_api.cpp:105] open(): /littlefs/busts/a-einstein.bin does not exist, no permits for creation
pm_faculty: embedded bust a.einstein (44163 B)
[124970][E][vfs_api.cpp:105] open(): /littlefs/busts/marie-curie.bin does not exist, no permits for creation
pm_faculty: embedded bust marie-curie (16382 B)
qa: inject swipe left @ 233,233
[gesture] face -> 5
qa: inject swipe right @ 233,233
[gesture] face -> 4
[127974][E][vfs_api.cpp:105] open(): /littlefs/busts/hypatia.bin does not exist, no permits for creation
pm_faculty: embedded bust hypatia (37999 B)
qa: inject swipe up @ 233,233
qa: inject swipe down @ 233,233
qa: inject tap @ 233,350
[gesture] tap @ 233,350
qa: inject boot
voice: POST message…
voice: DNS ok pilmscrodlitdrygabvo.supabase.co -> 172.64.149.246
voice: HTTP POST message (1252 B body)…
face: 4
qa: face=4 state=2 heap=5060 iheap=5060 largest=2036 psram=7691371 voice_stack_hw=10052 spk_stack_hw=30316 rocket_stack_hw=0 wifi=1 time=1 ip=192.168.86.247 name=Daniel banner=""
