face: 5
[135658][E][WiFiClientSecure.cpp:144] connect(): start_ssl_client: -1
voice: HTTP -1 (message)
voice: HTTP retry after connect failure
voice: HTTP POST message (1252 B body, retry)…
[141974][E][WiFiClientSecure.cpp:144] connect(): start_ssl_client: -1
voice: HTTP -1 (message)
voice: message fail (HTTP -1)
astro: voice done status=-1 mp3=0 err=HTTP -1
[143616][E][vfs_api.cpp:105] open(): /littlefs/busts/socrates.bin does not exist, no permits for creation
[143629][E][vfs_api.cpp:105] open(): /littlefs/busts/socrates.bin does not exist, no permits for creation
pm_faculty: bust skipped low memory heap=9236 largest=4084
[146973][E][Preferences.cpp:483] getString(): nvs_get_str len fail: fac4_slug NOT_FOUND
[146981][E][Preferences.cpp:483] getString(): nvs_get_str len fail: fac5_slug NOT_FOUND
[146995][E][vfs_api.cpp:105] open(): /littlefs/busts/a-einstein.bin does not exist, no permits for creation
pm_faculty: embedded bust a.einstein (44163 B)
[149984][E][vfs_api.cpp:105] open(): /littlefs/busts/marie-curie.bin does not exist, no permits for creation
pm_faculty: embedded bust marie-curie (16382 B)
qa: inject swipe left @ 233,233
[gesture] face -> 6
[152982][E][vfs_api.cpp:105] open(): /littlefs/busts/hypatia.bin does not exist, no permits for creation
pm_faculty: embedded bust hypatia (37999 B)
qa: inject swipe right @ 233,233
[gesture] face -> 5
qa: inject swipe up @ 233,233
[gesture] face -> 6
qa: inject swipe down @ 233,233
qa: inject tap @ 233,233
[155980][E][vfs_api.cpp:105] open(): /littlefs/busts/socrates.bin does not exist, no permits for creation
[155993][E][vfs_api.cpp:105] open(): /littlefs/busts/socrates.bin does not exist, no permits for creation
pm_faculty: bust skipped low memory heap=9952 largest=4084
qa: inject boot
voice: POST message…
voice: DNS ok pilmscrodlitdrygabvo.supabase.co -> 172.64.149.246
voice: HTTP POST message (618 B body)…
face: 5
