speaker: task create failed stack=32768 internal=33824 largest=15348 psram=7693135
speaker: task create failed stack=32768 internal=33824 largest=15348 psram=7693135
[333340][E][Preferences.cpp:483] getString(): nvs_get_str len fa[gesture] face -> 15
il: fac4_slug NOT_FOUND
[333349][E][Preferences.cpp:483] getString(): nvs_get_str len fail: fac5_slug NOT_FOUND
[333370][E][vfs_api.cpp:105] open(): /littlefs/busts/socrates.bin does not exist, no permits for creation
pm_faculty: bust skipped low memory heap=27356 largest=11252
[333977][E][Preferences.cpp:483] getString(): nvs_get_str len fail: fac4_slug NOT_FOUND
[333985][E][Preferences.cpp:483] getString(): nvs_get_str len fail: fac5_slug NOT_FOUND
[333999][E][vfs_api.cpp:105] open(): /littlefs/busts/a-einstein.bin does not exist, no permits for creation
pm_faculty: embedded bust a.einstein (44163 B)
[340484][E][vfs_api.cpp:105] open(): /littlefs/busts/marie-curie.bin does not exist, no permits for creation
pm_faculty: embedded bust marie-curie (16382 B)
qa: inject swipe left @ 233,233
[gesture] face -> 16
qa: inject swipe right @ 233,233
[gesture] face -> 15
qa: inject swipe up @ 233,233
[342274][E][Preferences.cpp:483] getString(): nvs_get_str len fail: fac4_slug NOT_FOUND
[342282][E][Preferences.cpp:483] getString(): nvs_get_str len fail: fac5_slug NOT_FOUND
pm_faculty: embedded bust a.einstein (44163 B)
qa: inject swipe down @ 233,233
[343163][E][Preferences.cpp:483] getString(): nvs_get_str len fail: fac4_slug NOT_FOUND
[343171][E][Preferences.cpp:483] getString(): nvs_get_str len fail: fac5_slug NOT_FOUND
[343192][E][vfs_api.cpp:105] open(): /littlefs/busts/socrates.bin does not exist, no permits for creation
pm_faculty: bust skipped low memory heap=27292 largest=11252
[343208][E][vfs_api.cpp:105] open(): /littlefs/busts/hypatia.bin does not exist, no permits for creation
pm_faculty: embedded bust hypatia (37999 B)
qa: inject tap @ 233,233
[gesture] tap @ 233,233
qa: face=15 state=0 heap=27292 iheap=27292 largest=11252 psram=7692863 voice_stack_hw=9160 spk_stack_hw=0 rocket_stack_hw=0 wifi=1 time=1 ip=192.168.86.247 name=Daniel banner="tap"
