face: 18
[410216][E][WiFiClientSecure.cpp:144] connect(): start_ssl_client: -1
voice: HTTP -1 (message)
voice: HTTP retry after connect failure
voice: HTTP POST message (700 B body, retry)…
[416533][E][WiFiClientSecure.cpp:144] connect(): start_ssl_client: -1
voice: HTTP -1 (message)
voice: message fail (HTTP -1)
[418103][E][vfs_api.cpp:105] open(): /littlefs/busts/a-plato.bin does not exist, no permits for creation
[418116][E][vfs_api.cpp:105] open(): /littlefs/busts/a-plato.bin does not exist, no permits for creation
pm_faculty: bust skipped low memory heap=19792 largest=7924
qa: inject swipe left @ 233,233
[gesture] face -> 19
[426743][E][vfs_api.cpp:105] open(): /littlefs/busts/a-plato.bin does not exist, no permits for creation
[426756][E][vfs_api.cpp:105] open(): /littlefs/busts/a-plato.bin does not exist, no permits for creation
pm_faculty: bust skipped low memory heap=19792 largest=7924
qa: inject swipe right @ 233,233
[gesture] face -> 18
qa: inject swipe up @ 233,233
qa: inject swipe down @ 233,233
qa: inject tap @ 233,233
[gesture] tap @ 233,233
[430303][E][vfs_api.cpp:105] open(): /littlefs/busts/a-plato.bin does not exist, no permits for creation
[430316][E][vfs_api.cpp:105] open(): /littlefs/busts/a-plato.bin does not exist, no permits for creation
pm_faculty: bust skipped low memory heap=19704 largest=7924
qa: inject boot
voice: POST message…
voice: DNS ok pilmscrodlitdrygabvo.supabase.co -> 104.18.38.10
voice: HTTP POST message (634 B body)…
face: 18
qa: face=18 state=2 heap=15732 iheap=15732 largest=5620 psram=7685823 voice_stack_hw=9160 spk_stack_hw=0 rocket_stack_hw=0 wifi=1 time=1 ip=192.168.86.247 name=Daniel banner="tap"
