[187374][E][WiFiClient.cpp:429] write(): fail on fd 49, errno: 104, "Connection reset by peer"
face: 0
[188817][E][Preferences.cpp:483] getString(): nvs_get_str len fail: fac4_slug NOT_FOUND
[188825][E][Preferences.cpp:483] getString(): nvs_get_str len fail: fac5_slug NOT_FOUND
[188839][E][vfs_api.cpp:105] open(): /littlefs/busts/a-einstein.bin does not exist, no permits for creation
pm_faculty: embedded bust a.einstein (44163 B)
[195445][E][vfs_api.cpp:105] open(): /littlefs/busts/marie-curie.bin does not exist, no permits for creation
pm_faculty: embedded bust marie-curie (16382 B)
qa: inject swipe left @ 233,233
[gesture] face -> 1
qa: inject swipe right @ 233,233
[gesture] face -> 0
qa: inject swipe up @ 233,233
qa: inject swipe down @ 233,233
[198469][E][vfs_api.cpp:105] open(): /littlefs/busts/hypatia.bin does not exist, no permits for creation
pm_faculty: embedded bust hypatia (37999 B)
qa: inject tap @ 233,233
E (200077) I2S: i2s_driver_uninstall(2048): I2S port 0 has not installed
E (200970) I2S: i2s_driver_uninstall(2048): I2S port 0 has not installed
[202429][E][vfs_api.cpp:105] open(): /littlefs/busts/socrates.bin does not exist, no permits for creation
[202442][E][vfs_api.cpp:105] open(): /littlefs/busts/socrates.bin does not exist, no permits for creation
pm_faculty: bust skipped low memory heap=24604 largest=13812
qa: face=8 state=0 heap=24604 iheap=24604 largest=13812 psram=7693135 voice_stack_hw=0 spk_stack_hw=30328 rocket_stack_hw=0 wifi=1 time=1 ip=192.168.86.247 name=Daniel banner="wifi: connected"
qa: inject boot
face: 0
qa: inject pwr
