face: 18
face: 19
voice: HTTP POST message (634 B body, retry)…
E (86206) esp-aes: Failed to allocate memory
[ 85178][E][ssl_client.cpp:36] _handle_error(): [ssl_starttls_handshake():318]: (-1) ERROR - Generic error
[ 85190][E][NetworkClientSecure.cpp:159] connect(): start_ssl_client: connect failed: -1
voice: HTTP -1 (message)
W (86230) pm_voice: voice-pipeline HTTP -1 (message)
voice: message fail (HTTP -1)
qa: inject swipe left @ 233,233
[gesture] face -> 20
qa: inject swipe right @ 233,233
[gesture] face -> 19
qa: inject swipe up @ 233,233
qa: inject swipe down @ 233,233
qa: inject tap @ 233,233
qa: face=19 state=0 heap=12563 iheap=12563 largest=4096 psram=7741000 voice_stack_hw=9548 spk_stack_hw=0 rocket_stack_hw=0 wifi=1 time=1 ip=192.168.86.247 name=Daniel banner="tarot: daily"
qa: inject boot
voice: POST message…
voice: DNS ok pilmscrodlitdrygabvo.supabase.co -> 172.64.149.246
voice: HTTP POST message (727 B body)…
E (100964) mdns_networking: Cannot allocate memory (receive(176), free heap: 7714668 bytes)
E (101752) mdns_networking: Cannot allocate memory (receive(176), free heap: 7719036 bytes)
face: 19
