voice: HTTP POST message (700 B body, retry)…
face: 23
E (176808) esp-aes: Failed to allocate memory
[175780][E][ssl_client.cpp:36] _handle_error(): [ssl_starttls_handshake():318]: (-1) ERROR - Generic error
[175792][E][NetworkClientSecure.cpp:159] connect(): start_ssl_client: connect failed: -1
voice: HTTP -1 (message)
W (176832) pm_voice: voice-pipeline HTTP -1 (message)
voice: message fail (HTTP -1)
I (178913) ES7210: ES7210 in Slave mode
I (178921) ES7210: Enable ES7210_INPUT_MIC1
I (178924) ES7210: Enable ES7210_INPUT_MIC2
I (178926) ES7210: Enable ES7210_INPUT_MIC3
I (178929) ES7210: Enable ES7210_INPUT_MIC4
I (178944) ES7210: The ES7210_CLOCK_OFF_REG01 value before stop is 0
I (178951) ES7210: Enable ES7210_INPUT_MIC1
I (178953) ES7210: Enable ES7210_INPUT_MIC2
I (178956) ES7210: Enable ES7210_INPUT_MIC3
I (178958) ES7210: Enable ES7210_INPUT_MIC4
W (178982) ES7210: The codec is about to stop
I (179420) ES7210: ES7210 in Slave mode
I (179428) ES7210: Enable ES7210_INPUT_MIC1
I (179431) ES7210: Enable ES7210_INPUT_MIC2
I (179433) ES7210: Enable ES7210_INPUT_MIC3
I (179436) ES7210: Enable ES7210_INPUT_MIC4
I (179451) ES7210: The ES7210_CLOCK_OFF_REG01 value before stop is 0
I (179458) ES7210: Enable ES7210_INPUT_MIC1
I (179460) ES7210: Enable ES7210_INPUT_MIC2
I (179463) ES7210: Enable ES7210_INPUT_MIC3
I (179465) ES7210: Enable ES7210_INPUT_MIC4
W (179488) ES7210: The codec is about to stop
I (184533) ES7210: ES7210 in Slave mode
I (184542) ES7210: Enable ES7210_INPUT_MIC1
I (184545) ES7210: Enable ES7210_INPUT_MIC2
I (184548) ES7210: Enable ES7210_INPUT_MIC3
I (184550) ES7210: Enable ES7210_INPUT_MIC4
I (184567) ES7210: The ES7210_CLOCK_OFF_REG01 value before stop is 0
I (184574) ES7210: Enable ES7210_INPUT_MIC1
I (184577) ES7210: Enable ES7210_INPUT_MIC2
I (184579) ES7210: Enable ES7210_INPUT_MIC3
I (184582) ES7210: Enable ES7210_INPUT_MIC4
W (184605) ES7210: The codec is about to stop
qa: inject swipe left @ 233,233
[gesture] face -> 24
I (185067) ES7210: ES7210 in Slave mode
I (185076) ES7210: Enable ES7210_INPUT_MIC1
I (185078) ES7210: Enable ES7210_INPUT_MIC2
I (185080) ES7210: Enable ES7210_INPUT_MIC3
I (185083) ES7210: Enable ES7210_INPUT_MIC4
I (185098) ES7210: The ES7210_CLOCK_OFF_REG01 value before stop is 0
I (185105) ES7210: Enable ES7210_INPUT_MIC1
I (185108) ES7210: Enable ES7210_INPUT_MIC2
I (185111) ES7210: Enable ES7210_INPUT_MIC3
I (185114) ES7210: Enable ES7210_INPUT_MIC4
W (185137) ES7210: The codec is about to stop
qa: inject swipe right @ 233,233
[gesture] face -> 23
I (185569) ES7210: ES7210 in Slave mode
I (185577) ES7210: Enable ES7210_INPUT_MIC1
I (185580) ES7210: Enable ES7210_INPUT_MIC2
I (185582) ES7210: Enable ES7210_INPUT_MIC3
I (185585) ES7210: Enable ES7210_INPUT_MIC4
I (185600) ES7210: The ES7210_CLOCK_OFF_REG01 value before stop is 0
I (185607) ES7210: Enable ES7210_INPUT_MIC1
I (185610) ES7210: Enable ES7210_INPUT_MIC2
I (185612) ES7210: Enable ES7210_INPUT_MIC3
I (185615) ES7210: Enable ES7210_INPUT_MIC4
W (185638) ES7210: The codec is about to stop
I (186064) ES7210: ES7210 in Slave mode
I (186072) ES7210: Enable ES7210_INPUT_MIC1
I (186075) ES7210: Enable ES7210_INPUT_MIC2
I (186077) ES7210: Enable ES7210_INPUT_MIC3
I (186080) ES7210: Enable ES7210_INPUT_MIC4
I (186095) ES7210: The ES7210_CLOCK_OFF_REG01 value before stop is 0
I (186102) ES7210: Enable ES7210_INPUT_MIC1
I (186104) ES7210: Enable ES7210_INPUT_MIC2
I (186107) ES7210: Enable ES7210_INPUT_MIC3
I (186109) ES7210: Enable ES7210_INPUT_MIC4
qa: inject swipe up @ 233,233
W (186133) ES7210: The codec is about to stop
I (186570) ES7210: ES7210 in Slave mode
I (186578) ES7210: Enable ES7210_INPUT_MIC1
I (186581) ES7210: Enable ES7210_INPUT_MIC2
I (186583) ES7210: Enable ES7210_INPUT_MIC3
I (186586) ES7210: Enable ES7210_INPUT_MIC4
I (186601) ES7210: The ES7210_CLOCK_OFF_REG01 value before stop is 0
I (186608) ES7210: Enable ES7210_INPUT_MIC1
I (186610) ES7210: Enable ES7210_INPUT_MIC2
I (186613) ES7210: Enable ES7210_INPUT_MIC3
I (186615) ES7210: Enable ES7210_INPUT_MIC4
W (186638) ES7210: The codec is about to stop
qa: inject swipe down @ 233,233
I (187076) ES7210: ES7210 in Slave mode
I (187085) ES7210: Enable ES7210_INPUT_MIC1
I (187087) ES7210: Enable ES7210_INPUT_MIC2
I (187090) ES7210: Enable ES7210_INPUT_MIC3
I (187092) ES7210: Enable ES7210_INPUT_MIC4
I (187107) ES7210: The ES7210_CLOCK_OFF_REG01 value before stop is 0
I (187114) ES7210: Enable ES7210_INPUT_MIC1
I (187117) ES7210: Enable ES7210_INPUT_MIC2
I (187119) ES7210: Enable ES7210_INPUT_MIC3
I (187122) ES7210: Enable ES7210_INPUT_MIC4
W (187144) ES7210: The codec is about to stop
I (187570) ES7210: ES7210 in Slave mode
I (187579) ES7210: Enable ES7210_INPUT_MIC1
I (187581) ES7210: Enable ES7210_INPUT_MIC2
I (187584) ES7210: Enable ES7210_INPUT_MIC3
I (187586) ES7210: Enable ES7210_INPUT_MIC4
I (187602) ES7210: The ES7210_CLOCK_OFF_REG01 value before stop is 0
I (187609) ES7210: Enable ES7210_INPUT_MIC1
I (187611) ES7210: Enable ES7210_INPUT_MIC2
I (187613) ES7210: Enable ES7210_INPUT_MIC3
I (187616) ES7210: Enable ES7210_INPUT_MIC4
W (187639) ES7210: The codec is about to stop
qa: inject tap @ 233,233
speaker: task create failed stack=32768 internal=13207 largest=4096 psram=7740964
I (188191) ES7210: ES7210 in Slave mode
I (188200) ES7210: Enable ES7210_INPUT_MIC1
I (188203) ES7210: Enable ES7210_INPUT_MIC2
I (188205) ES7210: Enable ES7210_INPUT_MIC3
I (188207) ES7210: Enable ES7210_INPUT_MIC4
I (188223) ES7210: The ES7210_CLOCK_OFF_REG01 value before stop is 0
I (188230) ES7210: Enable ES7210_INPUT_MIC1
I (188232) ES7210: Enable ES7210_INPUT_MIC2
I (188235) ES7210: Enable ES7210_INPUT_MIC3
I (188237) ES7210: Enable ES7210_INPUT_MIC4
W (188260) ES7210: The codec is about to stop
qa: face=22 state=0 heap=13207 iheap=13207 largest=4096 psram=7740964 voice_stack_hw=9548 spk_stack_hw=0 rocket_stack_hw=0 wifi=1 time=1 ip=192.168.86.247 name=Daniel banner="bongo: busy"
I (188688) ES7210: ES7210 in Slave mode
I (188697) ES7210: Enable ES7210_INPUT_MIC1
I (188699) ES7210: Enable ES7210_INPUT_MIC2
I (188702) ES7210: Enable ES7210_INPUT_MIC3
I (188704) ES7210: Enable ES7210_INPUT_MIC4
I (188720) ES7210: The ES7210_CLOCK_OFF_REG01 value before stop is 0
I (188727) ES7210: Enable ES7210_INPUT_MIC1
I (188729) ES7210: Enable ES7210_INPUT_MIC2
I (188731) ES7210: Enable ES7210_INPUT_MIC3
I (188734) ES7210: Enable ES7210_INPUT_MIC4
W (188757) ES7210: The codec is about to stop
I (189185) ES7210: ES7210 in Slave mode
I (189194) ES7210: Enable ES7210_INPUT_MIC1
I (189196) ES7210: Enable ES7210_INPUT_MIC2
I (189199) ES7210: Enable ES7210_INPUT_MIC3
I (189201) ES7210: Enable ES7210_INPUT_MIC4
I (189218) ES7210: The ES7210_CLOCK_OFF_REG01 value before stop is 0
I (189225) ES7210: Enable ES7210_INPUT_MIC1
I (189228) ES7210: Enable ES7210_INPUT_MIC2
I (189230) ES7210: Enable ES7210_INPUT_MIC3
I (189233) ES7210: Enable ES7210_INPUT_MIC4
W (189255) ES7210: The codec is about to stop
I (189683) ES7210: ES7210 in Slave mode
I (189692) ES7210: Enable ES7210_INPUT_MIC1
I (189694) ES7210: Enable ES7210_INPUT_MIC2
I (189697) ES7210: Enable ES7210_INPUT_MIC3
I (189699) ES7210: Enable ES7210_INPUT_MIC4
I (189715) ES7210: The ES7210_CLOCK_OFF_REG01 value before stop is 0
I (189722) ES7210: Enable ES7210_INPUT_MIC1
I (189724) ES7210: Enable ES7210_INPUT_MIC2
I (189727) ES7210: Enable ES7210_INPUT_MIC3
I (189729) ES7210: Enable ES7210_INPUT_MIC4
W (189752) ES7210: The codec is about to stop
I (190180) ES7210: ES7210 in Slave mode
I (190189) ES7210: Enable ES7210_INPUT_MIC1
I (190191) ES7210: Enable ES7210_INPUT_MIC2
I (190194) ES7210: Enable ES7210_INPUT_MIC3
I (190196) ES7210: Enable ES7210_INPUT_MIC4
I (190211) ES7210: The ES7210_CLOCK_OFF_REG01 value before stop is 0
I (190218) ES7210: Enable ES7210_INPUT_MIC1
I (190221) ES7210: Enable ES7210_INPUT_MIC2
I (190223) ES7210: Enable ES7210_INPUT_MIC3
I (190226) ES7210: Enable ES7210_INPUT_MIC4
W (190249) ES7210: The codec is about to stop
qa: inject boot
voice: POST message…
voice: DNS ok pilmscrodlitdrygabvo.supabase.co -> 172.64.149.246
voice: HTTP POST message (699 B body)…
E (191448) esp-aes: Failed to allocate memory
[190420][E][ssl_client.cpp:36] _handle_error(): [ssl_starttls_handshake():318]: (-1) ERROR - Generic error
[190432][E][NetworkClientSecure.cpp:159] connect(): start_ssl_client: connect failed: -1
W (191474) pm_voice: voice-pipeline HTTP -1 (message)
voice: HTTP -1 (message)
voice: HTTP retry after connect failure
face: 23
voice: HTTP POST message (699 B body, retry)…
