E (193606) esp-aes: Failed to allocate memory
face: 24
[192577][E][ssl_client.cpp:36] _handle_error(): [ssl_starttls_handshake():318]: (-1) ERROR - Generic error
[192590][E][NetworkClientSecure.cpp:159] connect(): start_ssl_client: connect failed: -1
voice: HTTP -1 (message)
W (193630) pm_voice: voice-pipeline HTTP -1 (message)
voice: message fail (HTTP -1)
I (195798) ES7210: ES7210 in Slave mode
I (195807) ES7210: Enable ES7210_INPUT_MIC1
I (195809) ES7210: Enable ES7210_INPUT_MIC2
I (195812) ES7210: Enable ES7210_INPUT_MIC3
I (195814) ES7210: Enable ES7210_INPUT_MIC4
I (195829) ES7210: The ES7210_CLOCK_OFF_REG01 value before stop is 0
I (195836) ES7210: Enable ES7210_INPUT_MIC1
I (195839) ES7210: Enable ES7210_INPUT_MIC2
I (195841) ES7210: Enable ES7210_INPUT_MIC3
I (195844) ES7210: Enable ES7210_INPUT_MIC4
W (195867) ES7210: The codec is about to stop
I (196423) ES7210: ES7210 in Slave mode
I (196432) ES7210: Enable ES7210_INPUT_MIC1
I (196434) ES7210: Enable ES7210_INPUT_MIC2
I (196437) ES7210: Enable ES7210_INPUT_MIC3
I (196439) ES7210: Enable ES7210_INPUT_MIC4
I (196455) ES7210: The ES7210_CLOCK_OFF_REG01 value before stop is 0
I (196461) ES7210: Enable ES7210_INPUT_MIC1
I (196464) ES7210: Enable ES7210_INPUT_MIC2
I (196466) ES7210: Enable ES7210_INPUT_MIC3
I (196469) ES7210: Enable ES7210_INPUT_MIC4
W (196492) ES7210: The codec is about to stop
I (201326) ES7210: ES7210 in Slave mode
I (201335) ES7210: Enable ES7210_INPUT_MIC1
I (201338) ES7210: Enable ES7210_INPUT_MIC2
I (201340) ES7210: Enable ES7210_INPUT_MIC3
I (201343) ES7210: Enable ES7210_INPUT_MIC4
I (201358) ES7210: The ES7210_CLOCK_OFF_REG01 value before stop is 0
I (201365) ES7210: Enable ES7210_INPUT_MIC1
I (201367) ES7210: Enable ES7210_INPUT_MIC2
I (201370) ES7210: Enable ES7210_INPUT_MIC3
I (201372) ES7210: Enable ES7210_INPUT_MIC4
W (201396) ES7210: The codec is about to stop
qa: inject swipe left @ 233,233
I (201403) ES7210: ES7210 in Slave mode
I (201412) ES7210: Enable ES7210_INPUT_MIC1
I (201415) ES7210: Enable ES7210_INPUT_MIC2
I (201417) ES7210: Enable ES7210_INPUT_MIC3
I (201419) ES7210: Enable ES7210_INPUT_MIC4
I (201435) ES7210: The ES7210_CLOCK_OFF_REG01 value before stop is 0
I (201442) ES7210: Enable ES7210_INPUT_MIC1
I (201444) ES7210: Enable ES7210_INPUT_MIC2
I (201447) ES7210: Enable ES7210_INPUT_MIC3
I (201449) ES7210: Enable ES7210_INPUT_MIC4
[gesture] face -> 25
qa: inject swipe right @ 233,233
W (202176) ES7210: The codec is about to stop
[gesture] face -> 24
I (202243) ES7210: ES7210 in Slave mode
I (202251) ES7210: Enable ES7210_INPUT_MIC1
I (202254) ES7210: Enable ES7210_INPUT_MIC2
I (202256) ES7210: Enable ES7210_INPUT_MIC3
I (202259) ES7210: Enable ES7210_INPUT_MIC4
I (202274) ES7210: The ES7210_CLOCK_OFF_REG01 value before stop is 0
I (202281) ES7210: Enable ES7210_INPUT_MIC1
I (202284) ES7210: Enable ES7210_INPUT_MIC2
I (202286) ES7210: Enable ES7210_INPUT_MIC3
I (202289) ES7210: Enable ES7210_INPUT_MIC4
W (202312) ES7210: The codec is about to stop
I (202868) ES7210: ES7210 in Slave mode
I (202877) ES7210: Enable ES7210_INPUT_MIC1
I (202879) ES7210: Enable ES7210_INPUT_MIC2
I (202881) ES7210: Enable ES7210_INPUT_MIC3
I (202884) ES7210: Enable ES7210_INPUT_MIC4
I (202899) ES7210: The ES7210_CLOCK_OFF_REG01 value before stop is 0
I (202906) ES7210: Enable ES7210_INPUT_MIC1
I (202909) ES7210: Enable ES7210_INPUT_MIC2
I (202911) ES7210: Enable ES7210_INPUT_MIC3
I (202914) ES7210: Enable ES7210_INPUT_MIC4
W (202937) ES7210: The codec is about to stop
qa: inject swipe up @ 233,233
I (203498) ES7210: ES7210 in Slave mode
I (203506) ES7210: Enable ES7210_INPUT_MIC1
I (203509) ES7210: Enable ES7210_INPUT_MIC2
I (203511) ES7210: Enable ES7210_INPUT_MIC3
I (203514) ES7210: Enable ES7210_INPUT_MIC4
I (203529) ES7210: The ES7210_CLOCK_OFF_REG01 value before stop is 0
I (203536) ES7210: Enable ES7210_INPUT_MIC1
I (203539) ES7210: Enable ES7210_INPUT_MIC2
I (203542) ES7210: Enable ES7210_INPUT_MIC3
I (203545) ES7210: Enable ES7210_INPUT_MIC4
W (203569) ES7210: The codec is about to stop
qa: inject swipe down @ 233,233
I (204130) ES7210: ES7210 in Slave mode
I (204138) ES7210: Enable ES7210_INPUT_MIC1
I (204141) ES7210: Enable ES7210_INPUT_MIC2
I (204143) ES7210: Enable ES7210_INPUT_MIC3
I (204146) ES7210: Enable ES7210_INPUT_MIC4
I (204162) ES7210: The ES7210_CLOCK_OFF_REG01 value before stop is 0
I (204170) ES7210: Enable ES7210_INPUT_MIC1
I (204173) ES7210: Enable ES7210_INPUT_MIC2
I (204175) ES7210: Enable ES7210_INPUT_MIC3
I (204177) ES7210: Enable ES7210_INPUT_MIC4
W (204200) ES7210: The codec is about to stop
qa: inject tap @ 233,233
[gesture] tap @ 233,233
I (204762) ES7210: ES7210 in Slave mode
I (204771) ES7210: Enable ES7210_INPUT_MIC1
I (204774) ES7210: Enable ES7210_INPUT_MIC2
I (204776) ES7210: Enable ES7210_INPUT_MIC3
I (204779) ES7210: Enable ES7210_INPUT_MIC4
I (204795) ES7210: The ES7210_CLOCK_OFF_REG01 value before stop is 0
I (204802) ES7210: Enable ES7210_INPUT_MIC1
I (204806) ES7210: Enable ES7210_INPUT_MIC2
I (204809) ES7210: Enable ES7210_INPUT_MIC3
I (204812) ES7210: Enable ES7210_INPUT_MIC4
W (204835) ES7210: The codec is about to stop
I (205396) ES7210: ES7210 in Slave mode
I (205405) ES7210: Enable ES7210_INPUT_MIC1
I (205408) ES7210: Enable ES7210_INPUT_MIC2
I (205410) ES7210: Enable ES7210_INPUT_MIC3
I (205413) ES7210: Enable ES7210_INPUT_MIC4
I (205429) ES7210: The ES7210_CLOCK_OFF_REG01 value before stop is 0
I (205437) ES7210: Enable ES7210_INPUT_MIC1
I (205439) ES7210: Enable ES7210_INPUT_MIC2
I (205442) ES7210: Enable ES7210_INPUT_MIC3
I (205444) ES7210: Enable ES7210_INPUT_MIC4
qa: face=24 state=1 heap=8059 iheap=8059 largest=4096 psram=7740964 voice_stack_hw=9548 spk_stack_hw=0 rocket_stack_hw=0 wifi=1 time=1 ip=192.168.86.247 name=Daniel banner="tap"
W (205469) ES7210: The codec is about to stop
I (206030) ES7210: ES7210 in Slave mode
I (206039) ES7210: Enable ES7210_INPUT_MIC1
I (206042) ES7210: Enable ES7210_INPUT_MIC2
I (206045) ES7210: Enable ES7210_INPUT_MIC3
I (206048) ES7210: Enable ES7210_INPUT_MIC4
I (206063) ES7210: The ES7210_CLOCK_OFF_REG01 value before stop is 0
I (206070) ES7210: Enable ES7210_INPUT_MIC1
I (206072) ES7210: Enable ES7210_INPUT_MIC2
I (206075) ES7210: Enable ES7210_INPUT_MIC3
I (206077) ES7210: Enable ES7210_INPUT_MIC4
W (206100) ES7210: The codec is about to stop
I (206662) ES7210: ES7210 in Slave mode
I (206671) ES7210: Enable ES7210_INPUT_MIC1
I (206674) ES7210: Enable ES7210_INPUT_MIC2
I (206676) ES7210: Enable ES7210_INPUT_MIC3
I (206679) ES7210: Enable ES7210_INPUT_MIC4
I (206694) ES7210: The ES7210_CLOCK_OFF_REG01 value before stop is 0
I (206701) ES7210: Enable ES7210_INPUT_MIC1
I (206703) ES7210: Enable ES7210_INPUT_MIC2
I (206706) ES7210: Enable ES7210_INPUT_MIC3
I (206708) ES7210: Enable ES7210_INPUT_MIC4
W (206731) ES7210: The codec is about to stop
I (207291) ES7210: ES7210 in Slave mode
I (207300) ES7210: Enable ES7210_INPUT_MIC1
I (207302) ES7210: Enable ES7210_INPUT_MIC2
I (207304) ES7210: Enable ES7210_INPUT_MIC3
I (207307) ES7210: Enable ES7210_INPUT_MIC4
I (207322) ES7210: The ES7210_CLOCK_OFF_REG01 value before stop is 0
I (207329) ES7210: Enable ES7210_INPUT_MIC1
I (207332) ES7210: Enable ES7210_INPUT_MIC2
I (207334) ES7210: Enable ES7210_INPUT_MIC3
I (207337) ES7210: Enable ES7210_INPUT_MIC4
W (207360) ES7210: The codec is about to stop
qa: inject boot
voice: POST message…
voice: DNS ok pilmscrodlitdrygabvo.supabase.co -> 172.64.149.246
voice: HTTP POST message (314 B body)…
E (208578) esp-aes: Failed to allocate memory
[207549][E][ssl_client.cpp:36] _handle_error(): [ssl_starttls_handshake():318]: (-1) ERROR - Generic error
[207562][E][NetworkClientSecure.cpp:159] connect(): start_ssl_client: connect failed: -1
voice: HTTP -1 (message)
W (208605) pm_voice: voice-pipeline HTTP -1 (message)
voice: HTTP retry after connect failure
